[0.078s] DEBUG:colcon:Command line arguments: ['/home/gisen/.local/bin/colcon', 'build']
[0.078s] DEBUG:colcon:Parsed command line arguments: Namespace(log_base=None, log_level=None, verb_name='build', build_base='build', install_base='install', merge_install=False, symlink_install=False, test_result_base=None, continue_on_error=False, executor='parallel', parallel_workers=8, event_handlers=None, ignore_user_meta=False, metas=['./colcon.meta'], base_paths=['.'], packages_ignore=None, packages_ignore_regex=None, paths=None, packages_up_to=None, packages_up_to_regex=None, packages_above=None, packages_above_and_dependencies=None, packages_above_depth=None, packages_select_by_dep=None, packages_skip_by_dep=None, packages_skip_up_to=None, packages_select_build_failed=False, packages_skip_build_finished=False, packages_select_test_failures=False, packages_skip_test_passed=False, packages_select=None, packages_skip=None, packages_select_regex=None, packages_skip_regex=None, packages_start=None, packages_end=None, cmake_args=None, cmake_target=None, cmake_target_skip_unavailable=False, cmake_clean_cache=False, cmake_clean_first=False, cmake_force_configure=False, ament_cmake_args=None, catkin_cmake_args=None, catkin_skip_building_tests=False, verb_parser=<colcon_defaults.argument_parser.defaults.DefaultArgumentsDecorator object at 0x7f398b6ef130>, verb_extension=<colcon_core.verb.build.BuildVerb object at 0x7f398b6eebc0>, main=<bound method BuildVerb.main of <colcon_core.verb.build.BuildVerb object at 0x7f398b6eebc0>>)
[0.177s] Level 1:colcon.colcon_core.package_discovery:discover_packages(colcon_meta) check parameters
[0.178s] Level 1:colcon.colcon_core.package_discovery:discover_packages(recursive) check parameters
[0.178s] Level 1:colcon.colcon_core.package_discovery:discover_packages(ignore) check parameters
[0.178s] Level 1:colcon.colcon_core.package_discovery:discover_packages(path) check parameters
[0.178s] Level 1:colcon.colcon_core.package_discovery:discover_packages(colcon_meta) discover
[0.178s] Level 1:colcon.colcon_core.package_discovery:discover_packages(recursive) discover
[0.178s] INFO:colcon.colcon_core.package_discovery:Crawling recursively for packages in '/home/gisen/ros/src/cube_petit_ros/cube_petit_ros'
[0.178s] Level 1:colcon.colcon_core.package_identification:_identify(.) by extensions ['ignore', 'ignore_ament_install']
[0.178s] Level 1:colcon.colcon_core.package_identification:_identify(.) by extension 'ignore'
[0.178s] Level 1:colcon.colcon_core.package_identification:_identify(.) by extension 'ignore_ament_install'
[0.178s] Level 1:colcon.colcon_core.package_identification:_identify(.) by extensions ['colcon_pkg']
[0.178s] Level 1:colcon.colcon_core.package_identification:_identify(.) by extension 'colcon_pkg'
[0.178s] Level 1:colcon.colcon_core.package_identification:_identify(.) by extensions ['colcon_meta']
[0.178s] Level 1:colcon.colcon_core.package_identification:_identify(.) by extension 'colcon_meta'
[0.178s] Level 1:colcon.colcon_core.package_identification:_identify(.) by extensions ['ros']
[0.178s] Level 1:colcon.colcon_core.package_identification:_identify(.) by extension 'ros'
[0.186s] DEBUG:colcon.colcon_core.package_identification:Package '.' with type 'ros.ament_cmake' and name 'cube_petit_ros'
[0.186s] Level 1:colcon.colcon_core.package_discovery:discover_packages(recursive) using defaults
[0.186s] Level 1:colcon.colcon_core.package_discovery:discover_packages(ignore) discover
[0.186s] Level 1:colcon.colcon_core.package_discovery:discover_packages(ignore) using defaults
[0.186s] Level 1:colcon.colcon_core.package_discovery:discover_packages(path) discover
[0.186s] Level 1:colcon.colcon_core.package_discovery:discover_packages(path) using defaults
[0.198s] Level 5:colcon.colcon_core.verb:set package 'cube_petit_ros' build argument 'cmake_args' from command line to 'None'
[0.198s] Level 5:colcon.colcon_core.verb:set package 'cube_petit_ros' build argument 'cmake_target' from command line to 'None'
[0.198s] Level 5:colcon.colcon_core.verb:set package 'cube_petit_ros' build argument 'cmake_target_skip_unavailable' from command line to 'False'
[0.198s] Level 5:colcon.colcon_core.verb:set package 'cube_petit_ros' build argument 'cmake_clean_cache' from command line to 'False'
[0.198s] Level 5:colcon.colcon_core.verb:set package 'cube_petit_ros' build argument 'cmake_clean_first' from command line to 'False'
[0.198s] Level 5:colcon.colcon_core.verb:set package 'cube_petit_ros' build argument 'cmake_force_configure' from command line to 'False'
[0.198s] Level 5:colcon.colcon_core.verb:set package 'cube_petit_ros' build argument 'ament_cmake_args' from command line to 'None'
[0.199s] Level 5:colcon.colcon_core.verb:set package 'cube_petit_ros' build argument 'catkin_cmake_args' from command line to 'None'
[0.199s] Level 5:colcon.colcon_core.verb:set package 'cube_petit_ros' build argument 'catkin_skip_building_tests' from command line to 'False'
[0.199s] DEBUG:colcon.colcon_core.verb:Building package 'cube_petit_ros' with the following arguments: {'ament_cmake_args': None, 'build_base': '/home/gisen/ros/src/cube_petit_ros/cube_petit_ros/build/cube_petit_ros', 'catkin_cmake_args': None, 'catkin_skip_building_tests': False, 'cmake_args': None, 'cmake_clean_cache': False, 'cmake_clean_first': False, 'cmake_force_configure': False, 'cmake_target': None, 'cmake_target_skip_unavailable': False, 'install_base': '/home/gisen/ros/src/cube_petit_ros/cube_petit_ros/install/cube_petit_ros', 'merge_install': False, 'path': '/home/gisen/ros/src/cube_petit_ros/cube_petit_ros', 'symlink_install': False, 'test_result_base': None}
[0.199s] INFO:colcon.colcon_core.executor:Executing jobs using 'parallel' executor
[0.199s] DEBUG:colcon.colcon_parallel_executor.executor.parallel:run_until_complete
[0.200s] INFO:colcon.colcon_ros.task.ament_cmake.build:Building ROS package in '/home/gisen/ros/src/cube_petit_ros/cube_petit_ros' with build type 'ament_cmake'
[0.200s] INFO:colcon.colcon_cmake.task.cmake.build:Building CMake package in '/home/gisen/ros/src/cube_petit_ros/cube_petit_ros'
[0.201s] INFO:colcon.colcon_core.plugin_system:Skipping extension 'colcon_core.shell.bat': Not used on non-Windows systems
[0.201s] INFO:colcon.colcon_core.shell:Skip shell extension 'powershell' for command environment: Not usable outside of PowerShell
[0.201s] DEBUG:colcon.colcon_core.shell:Skip shell extension 'dsv' for command environment
[0.208s] DEBUG:colcon.colcon_core.event_handler.log_command:Invoking command in '/home/gisen/ros/src/cube_petit_ros/cube_petit_ros/build/cube_petit_ros': CMAKE_PREFIX_PATH=/home/gisen/ros/install/vesc:/home/gisen/ros/install/cube:/home/gisen/ros/install/cube_gazebo:/home/gisen/ros/install/cube_bringup:/home/gisen/ros/install/cube_hw_interface:/home/gisen/ros/install/vesc_hw_interface:/home/gisen/ros/install/vesc_driver:/home/gisen/ros/install/vesc_msgs:/home/gisen/ros/install/sbgisen_gazebo_plugins:/home/gisen/ros/install/sbgisen_docking_plugin:/home/gisen/ros/install/cube_server:/home/gisen/ros/install/robot_pose_publisher_ros2:/home/gisen/ros/install/perception_pcl:/home/gisen/ros/install/ira_laser_tools:/home/gisen/ros/install/pcl_ros:/home/gisen/ros/install/pcl_conversions:/home/gisen/ros/install/multi_hc_sr04:/home/gisen/ros/install/mpu6050_serial_to_imu:/home/gisen/ros/install/lh_laser_driver:/home/gisen/ros/install/kinect2_bridge:/home/gisen/ros/install/kinect2_registration:/home/gisen/ros/install/imu_filter_tools:/home/gisen/ros/install/imu_drift_correction:/home/gisen/ros/install/hins_driver_laser:/home/gisen/ros/install/cube_teleop:/home/gisen/ros/install/cube_navigation:/home/gisen/ros/install/cube_expression:/home/gisen/ros/install/cube_description:/home/gisen/ros/install/cube_diagnostic:/opt/ros/humble:/home/gisen/ros/install/brass_gazebo_battery:/home/gisen/ros/install/akulidar_ros /usr/bin/cmake /home/gisen/ros/src/cube_petit_ros/cube_petit_ros -DCMAKE_INSTALL_PREFIX=/home/gisen/ros/src/cube_petit_ros/cube_petit_ros/install/cube_petit_ros
[0.613s] DEBUG:colcon.colcon_core.event_handler.log_command:Invoked command in '/home/gisen/ros/src/cube_petit_ros/cube_petit_ros/build/cube_petit_ros' returned '0': CMAKE_PREFIX_PATH=/home/gisen/ros/install/vesc:/home/gisen/ros/install/cube:/home/gisen/ros/install/cube_gazebo:/home/gisen/ros/install/cube_bringup:/home/gisen/ros/install/cube_hw_interface:/home/gisen/ros/install/vesc_hw_interface:/home/gisen/ros/install/vesc_driver:/home/gisen/ros/install/vesc_msgs:/home/gisen/ros/install/sbgisen_gazebo_plugins:/home/gisen/ros/install/sbgisen_docking_plugin:/home/gisen/ros/install/cube_server:/home/gisen/ros/install/robot_pose_publisher_ros2:/home/gisen/ros/install/perception_pcl:/home/gisen/ros/install/ira_laser_tools:/home/gisen/ros/install/pcl_ros:/home/gisen/ros/install/pcl_conversions:/home/gisen/ros/install/multi_hc_sr04:/home/gisen/ros/install/mpu6050_serial_to_imu:/home/gisen/ros/install/lh_laser_driver:/home/gisen/ros/install/kinect2_bridge:/home/gisen/ros/install/kinect2_registration:/home/gisen/ros/install/imu_filter_tools:/home/gisen/ros/install/imu_drift_correction:/home/gisen/ros/install/hins_driver_laser:/home/gisen/ros/install/cube_teleop:/home/gisen/ros/install/cube_navigation:/home/gisen/ros/install/cube_expression:/home/gisen/ros/install/cube_description:/home/gisen/ros/install/cube_diagnostic:/opt/ros/humble:/home/gisen/ros/install/brass_gazebo_battery:/home/gisen/ros/install/akulidar_ros /usr/bin/cmake /home/gisen/ros/src/cube_petit_ros/cube_petit_ros -DCMAKE_INSTALL_PREFIX=/home/gisen/ros/src/cube_petit_ros/cube_petit_ros/install/cube_petit_ros
[0.614s] DEBUG:colcon.colcon_core.event_handler.log_command:Invoking command in '/home/gisen/ros/src/cube_petit_ros/cube_petit_ros/build/cube_petit_ros': CMAKE_PREFIX_PATH=/home/gisen/ros/install/vesc:/home/gisen/ros/install/cube:/home/gisen/ros/install/cube_gazebo:/home/gisen/ros/install/cube_bringup:/home/gisen/ros/install/cube_hw_interface:/home/gisen/ros/install/vesc_hw_interface:/home/gisen/ros/install/vesc_driver:/home/gisen/ros/install/vesc_msgs:/home/gisen/ros/install/sbgisen_gazebo_plugins:/home/gisen/ros/install/sbgisen_docking_plugin:/home/gisen/ros/install/cube_server:/home/gisen/ros/install/robot_pose_publisher_ros2:/home/gisen/ros/install/perception_pcl:/home/gisen/ros/install/ira_laser_tools:/home/gisen/ros/install/pcl_ros:/home/gisen/ros/install/pcl_conversions:/home/gisen/ros/install/multi_hc_sr04:/home/gisen/ros/install/mpu6050_serial_to_imu:/home/gisen/ros/install/lh_laser_driver:/home/gisen/ros/install/kinect2_bridge:/home/gisen/ros/install/kinect2_registration:/home/gisen/ros/install/imu_filter_tools:/home/gisen/ros/install/imu_drift_correction:/home/gisen/ros/install/hins_driver_laser:/home/gisen/ros/install/cube_teleop:/home/gisen/ros/install/cube_navigation:/home/gisen/ros/install/cube_expression:/home/gisen/ros/install/cube_description:/home/gisen/ros/install/cube_diagnostic:/opt/ros/humble:/home/gisen/ros/install/brass_gazebo_battery:/home/gisen/ros/install/akulidar_ros /usr/bin/cmake --build /home/gisen/ros/src/cube_petit_ros/cube_petit_ros/build/cube_petit_ros -- -j8 -l8
[0.640s] DEBUG:colcon.colcon_core.event_handler.log_command:Invoked command in '/home/gisen/ros/src/cube_petit_ros/cube_petit_ros/build/cube_petit_ros' returned '0': CMAKE_PREFIX_PATH=/home/gisen/ros/install/vesc:/home/gisen/ros/install/cube:/home/gisen/ros/install/cube_gazebo:/home/gisen/ros/install/cube_bringup:/home/gisen/ros/install/cube_hw_interface:/home/gisen/ros/install/vesc_hw_interface:/home/gisen/ros/install/vesc_driver:/home/gisen/ros/install/vesc_msgs:/home/gisen/ros/install/sbgisen_gazebo_plugins:/home/gisen/ros/install/sbgisen_docking_plugin:/home/gisen/ros/install/cube_server:/home/gisen/ros/install/robot_pose_publisher_ros2:/home/gisen/ros/install/perception_pcl:/home/gisen/ros/install/ira_laser_tools:/home/gisen/ros/install/pcl_ros:/home/gisen/ros/install/pcl_conversions:/home/gisen/ros/install/multi_hc_sr04:/home/gisen/ros/install/mpu6050_serial_to_imu:/home/gisen/ros/install/lh_laser_driver:/home/gisen/ros/install/kinect2_bridge:/home/gisen/ros/install/kinect2_registration:/home/gisen/ros/install/imu_filter_tools:/home/gisen/ros/install/imu_drift_correction:/home/gisen/ros/install/hins_driver_laser:/home/gisen/ros/install/cube_teleop:/home/gisen/ros/install/cube_navigation:/home/gisen/ros/install/cube_expression:/home/gisen/ros/install/cube_description:/home/gisen/ros/install/cube_diagnostic:/opt/ros/humble:/home/gisen/ros/install/brass_gazebo_battery:/home/gisen/ros/install/akulidar_ros /usr/bin/cmake --build /home/gisen/ros/src/cube_petit_ros/cube_petit_ros/build/cube_petit_ros -- -j8 -l8
[0.663s] DEBUG:colcon.colcon_core.event_handler.log_command:Invoking command in '/home/gisen/ros/src/cube_petit_ros/cube_petit_ros/build/cube_petit_ros': CMAKE_PREFIX_PATH=/home/gisen/ros/install/vesc:/home/gisen/ros/install/cube:/home/gisen/ros/install/cube_gazebo:/home/gisen/ros/install/cube_bringup:/home/gisen/ros/install/cube_hw_interface:/home/gisen/ros/install/vesc_hw_interface:/home/gisen/ros/install/vesc_driver:/home/gisen/ros/install/vesc_msgs:/home/gisen/ros/install/sbgisen_gazebo_plugins:/home/gisen/ros/install/sbgisen_docking_plugin:/home/gisen/ros/install/cube_server:/home/gisen/ros/install/robot_pose_publisher_ros2:/home/gisen/ros/install/perception_pcl:/home/gisen/ros/install/ira_laser_tools:/home/gisen/ros/install/pcl_ros:/home/gisen/ros/install/pcl_conversions:/home/gisen/ros/install/multi_hc_sr04:/home/gisen/ros/install/mpu6050_serial_to_imu:/home/gisen/ros/install/lh_laser_driver:/home/gisen/ros/install/kinect2_bridge:/home/gisen/ros/install/kinect2_registration:/home/gisen/ros/install/imu_filter_tools:/home/gisen/ros/install/imu_drift_correction:/home/gisen/ros/install/hins_driver_laser:/home/gisen/ros/install/cube_teleop:/home/gisen/ros/install/cube_navigation:/home/gisen/ros/install/cube_expression:/home/gisen/ros/install/cube_description:/home/gisen/ros/install/cube_diagnostic:/opt/ros/humble:/home/gisen/ros/install/brass_gazebo_battery:/home/gisen/ros/install/akulidar_ros /usr/bin/cmake --install /home/gisen/ros/src/cube_petit_ros/cube_petit_ros/build/cube_petit_ros
[0.670s] Level 1:colcon.colcon_core.environment:create_environment_scripts_only(cube_petit_ros)
[0.670s] DEBUG:colcon.colcon_core.event_handler.log_command:Invoked command in '/home/gisen/ros/src/cube_petit_ros/cube_petit_ros/build/cube_petit_ros' returned '0': CMAKE_PREFIX_PATH=/home/gisen/ros/install/vesc:/home/gisen/ros/install/cube:/home/gisen/ros/install/cube_gazebo:/home/gisen/ros/install/cube_bringup:/home/gisen/ros/install/cube_hw_interface:/home/gisen/ros/install/vesc_hw_interface:/home/gisen/ros/install/vesc_driver:/home/gisen/ros/install/vesc_msgs:/home/gisen/ros/install/sbgisen_gazebo_plugins:/home/gisen/ros/install/sbgisen_docking_plugin:/home/gisen/ros/install/cube_server:/home/gisen/ros/install/robot_pose_publisher_ros2:/home/gisen/ros/install/perception_pcl:/home/gisen/ros/install/ira_laser_tools:/home/gisen/ros/install/pcl_ros:/home/gisen/ros/install/pcl_conversions:/home/gisen/ros/install/multi_hc_sr04:/home/gisen/ros/install/mpu6050_serial_to_imu:/home/gisen/ros/install/lh_laser_driver:/home/gisen/ros/install/kinect2_bridge:/home/gisen/ros/install/kinect2_registration:/home/gisen/ros/install/imu_filter_tools:/home/gisen/ros/install/imu_drift_correction:/home/gisen/ros/install/hins_driver_laser:/home/gisen/ros/install/cube_teleop:/home/gisen/ros/install/cube_navigation:/home/gisen/ros/install/cube_expression:/home/gisen/ros/install/cube_description:/home/gisen/ros/install/cube_diagnostic:/opt/ros/humble:/home/gisen/ros/install/brass_gazebo_battery:/home/gisen/ros/install/akulidar_ros /usr/bin/cmake --install /home/gisen/ros/src/cube_petit_ros/cube_petit_ros/build/cube_petit_ros
[0.672s] Level 1:colcon.colcon_core.environment:checking '/home/gisen/ros/src/cube_petit_ros/cube_petit_ros/install/cube_petit_ros' for CMake module files
[0.672s] Level 1:colcon.colcon_core.environment:checking '/home/gisen/ros/src/cube_petit_ros/cube_petit_ros/install/cube_petit_ros' for CMake config files
[0.672s] Level 1:colcon.colcon_core.shell:create_environment_hook('cube_petit_ros', 'cmake_prefix_path')
[0.672s] INFO:colcon.colcon_core.shell:Creating environment hook '/home/gisen/ros/src/cube_petit_ros/cube_petit_ros/install/cube_petit_ros/share/cube_petit_ros/hook/cmake_prefix_path.ps1'
[0.673s] INFO:colcon.colcon_core.shell:Creating environment descriptor '/home/gisen/ros/src/cube_petit_ros/cube_petit_ros/install/cube_petit_ros/share/cube_petit_ros/hook/cmake_prefix_path.dsv'
[0.673s] INFO:colcon.colcon_core.shell:Creating environment hook '/home/gisen/ros/src/cube_petit_ros/cube_petit_ros/install/cube_petit_ros/share/cube_petit_ros/hook/cmake_prefix_path.sh'
[0.673s] Level 1:colcon.colcon_core.environment:checking '/home/gisen/ros/src/cube_petit_ros/cube_petit_ros/install/cube_petit_ros/bin'
[0.673s] Level 1:colcon.colcon_core.environment:checking '/home/gisen/ros/src/cube_petit_ros/cube_petit_ros/install/cube_petit_ros/lib/pkgconfig/cube_petit_ros.pc'
[0.675s] Level 1:colcon.colcon_core.environment:checking '/home/gisen/ros/src/cube_petit_ros/cube_petit_ros/install/cube_petit_ros/lib/python3.10/site-packages'
[0.675s] Level 1:colcon.colcon_core.environment:checking '/home/gisen/ros/src/cube_petit_ros/cube_petit_ros/install/cube_petit_ros/bin'
[0.675s] INFO:colcon.colcon_core.shell:Creating package script '/home/gisen/ros/src/cube_petit_ros/cube_petit_ros/install/cube_petit_ros/share/cube_petit_ros/package.ps1'
[0.675s] INFO:colcon.colcon_core.shell:Creating package descriptor '/home/gisen/ros/src/cube_petit_ros/cube_petit_ros/install/cube_petit_ros/share/cube_petit_ros/package.dsv'
[0.676s] INFO:colcon.colcon_core.shell:Creating package script '/home/gisen/ros/src/cube_petit_ros/cube_petit_ros/install/cube_petit_ros/share/cube_petit_ros/package.sh'
[0.676s] INFO:colcon.colcon_core.shell:Creating package script '/home/gisen/ros/src/cube_petit_ros/cube_petit_ros/install/cube_petit_ros/share/cube_petit_ros/package.bash'
[0.677s] INFO:colcon.colcon_core.shell:Creating package script '/home/gisen/ros/src/cube_petit_ros/cube_petit_ros/install/cube_petit_ros/share/cube_petit_ros/package.zsh'
[0.677s] Level 1:colcon.colcon_core.environment:create_file_with_runtime_dependencies(/home/gisen/ros/src/cube_petit_ros/cube_petit_ros/install/cube_petit_ros/share/colcon-core/packages/cube_petit_ros)
[0.694s] Level 1:colcon.colcon_core.environment:create_environment_scripts_only(cube_petit_ros)
[0.695s] Level 1:colcon.colcon_core.environment:checking '/home/gisen/ros/src/cube_petit_ros/cube_petit_ros/install/cube_petit_ros' for CMake module files
[0.695s] Level 1:colcon.colcon_core.environment:checking '/home/gisen/ros/src/cube_petit_ros/cube_petit_ros/install/cube_petit_ros' for CMake config files
[0.695s] Level 1:colcon.colcon_core.shell:create_environment_hook('cube_petit_ros', 'cmake_prefix_path')
[0.695s] INFO:colcon.colcon_core.shell:Creating environment hook '/home/gisen/ros/src/cube_petit_ros/cube_petit_ros/install/cube_petit_ros/share/cube_petit_ros/hook/cmake_prefix_path.ps1'
[0.696s] INFO:colcon.colcon_core.shell:Creating environment descriptor '/home/gisen/ros/src/cube_petit_ros/cube_petit_ros/install/cube_petit_ros/share/cube_petit_ros/hook/cmake_prefix_path.dsv'
[0.696s] INFO:colcon.colcon_core.shell:Creating environment hook '/home/gisen/ros/src/cube_petit_ros/cube_petit_ros/install/cube_petit_ros/share/cube_petit_ros/hook/cmake_prefix_path.sh'
[0.696s] Level 1:colcon.colcon_core.environment:checking '/home/gisen/ros/src/cube_petit_ros/cube_petit_ros/install/cube_petit_ros/bin'
[0.696s] Level 1:colcon.colcon_core.environment:checking '/home/gisen/ros/src/cube_petit_ros/cube_petit_ros/install/cube_petit_ros/lib/pkgconfig/cube_petit_ros.pc'
[0.696s] Level 1:colcon.colcon_core.environment:checking '/home/gisen/ros/src/cube_petit_ros/cube_petit_ros/install/cube_petit_ros/lib/python3.10/site-packages'
[0.696s] Level 1:colcon.colcon_core.environment:checking '/home/gisen/ros/src/cube_petit_ros/cube_petit_ros/install/cube_petit_ros/bin'
[0.697s] INFO:colcon.colcon_core.shell:Creating package script '/home/gisen/ros/src/cube_petit_ros/cube_petit_ros/install/cube_petit_ros/share/cube_petit_ros/package.ps1'
[0.697s] INFO:colcon.colcon_core.shell:Creating package descriptor '/home/gisen/ros/src/cube_petit_ros/cube_petit_ros/install/cube_petit_ros/share/cube_petit_ros/package.dsv'
[0.697s] INFO:colcon.colcon_core.shell:Creating package script '/home/gisen/ros/src/cube_petit_ros/cube_petit_ros/install/cube_petit_ros/share/cube_petit_ros/package.sh'
[0.697s] INFO:colcon.colcon_core.shell:Creating package script '/home/gisen/ros/src/cube_petit_ros/cube_petit_ros/install/cube_petit_ros/share/cube_petit_ros/package.bash'
[0.697s] INFO:colcon.colcon_core.shell:Creating package script '/home/gisen/ros/src/cube_petit_ros/cube_petit_ros/install/cube_petit_ros/share/cube_petit_ros/package.zsh'
[0.698s] Level 1:colcon.colcon_core.environment:create_file_with_runtime_dependencies(/home/gisen/ros/src/cube_petit_ros/cube_petit_ros/install/cube_petit_ros/share/colcon-core/packages/cube_petit_ros)
[0.698s] DEBUG:colcon.colcon_parallel_executor.executor.parallel:closing loop
[0.698s] DEBUG:colcon.colcon_parallel_executor.executor.parallel:loop closed
[0.698s] DEBUG:colcon.colcon_parallel_executor.executor.parallel:run_until_complete finished with '0'
[0.698s] DEBUG:colcon.colcon_core.event_reactor:joining thread
[0.701s] INFO:colcon.colcon_core.plugin_system:Skipping extension 'colcon_notification.desktop_notification.terminal_notifier': Not used on non-Darwin systems
[0.701s] INFO:colcon.colcon_core.plugin_system:Skipping extension 'colcon_notification.desktop_notification.win32': Not used on non-Windows systems
[0.701s] INFO:colcon.colcon_notification.desktop_notification:Sending desktop notification using 'notify2'
[0.709s] DEBUG:colcon.colcon_core.event_reactor:joined thread
[0.709s] INFO:colcon.colcon_core.shell:Creating prefix script '/home/gisen/ros/src/cube_petit_ros/cube_petit_ros/install/local_setup.ps1'
[0.710s] INFO:colcon.colcon_core.shell:Creating prefix util module '/home/gisen/ros/src/cube_petit_ros/cube_petit_ros/install/_local_setup_util_ps1.py'
[0.711s] INFO:colcon.colcon_core.shell:Creating prefix chain script '/home/gisen/ros/src/cube_petit_ros/cube_petit_ros/install/setup.ps1'
[0.712s] INFO:colcon.colcon_core.shell:Creating prefix script '/home/gisen/ros/src/cube_petit_ros/cube_petit_ros/install/local_setup.sh'
[0.713s] INFO:colcon.colcon_core.shell:Creating prefix util module '/home/gisen/ros/src/cube_petit_ros/cube_petit_ros/install/_local_setup_util_sh.py'
[0.713s] INFO:colcon.colcon_core.shell:Creating prefix chain script '/home/gisen/ros/src/cube_petit_ros/cube_petit_ros/install/setup.sh'
[0.714s] INFO:colcon.colcon_core.shell:Creating prefix script '/home/gisen/ros/src/cube_petit_ros/cube_petit_ros/install/local_setup.bash'
[0.714s] INFO:colcon.colcon_core.shell:Creating prefix chain script '/home/gisen/ros/src/cube_petit_ros/cube_petit_ros/install/setup.bash'
[0.715s] INFO:colcon.colcon_core.shell:Creating prefix script '/home/gisen/ros/src/cube_petit_ros/cube_petit_ros/install/local_setup.zsh'
[0.716s] INFO:colcon.colcon_core.shell:Creating prefix chain script '/home/gisen/ros/src/cube_petit_ros/cube_petit_ros/install/setup.zsh'
