-- The C compiler identification is GNU 11.4.0
-- The CXX compiler identification is GNU 11.4.0
-- Detecting C compiler ABI info
-- Detecting C compiler ABI info - done
-- Check for working C compiler: /usr/bin/cc - skipped
-- Detecting C compile features
-- Detecting C compile features - done
-- Detecting CXX compiler ABI info
-- Detecting CXX compiler ABI info - done
-- Check for working CXX compiler: /usr/bin/c++ - skipped
-- Detecting CXX compile features
-- Detecting CXX compile features - done
-- Found ament_cmake_auto: 1.3.8 (/opt/ros/humble/share/ament_cmake_auto/cmake)
-- Found Python3: /usr/bin/python3 (found version "3.10.12") found components: Interpreter 
-- Found rclcpp: 16.0.8 (/opt/ros/humble/share/rclcpp/cmake)
-- Found rosidl_generator_c: 3.1.5 (/opt/ros/humble/share/rosidl_generator_c/cmake)
-- Found rosidl_adapter: 3.1.5 (/opt/ros/humble/share/rosidl_adapter/cmake)
-- Found rosidl_generator_cpp: 3.1.5 (/opt/ros/humble/share/rosidl_generator_cpp/cmake)
-- Using all available rosidl_typesupport_c: rosidl_typesupport_fastrtps_c;rosidl_typesupport_introspection_c
-- Using all available rosidl_typesupport_cpp: rosidl_typesupport_fastrtps_cpp;rosidl_typesupport_introspection_cpp
-- Found rmw_implementation_cmake: 6.1.1 (/opt/ros/humble/share/rmw_implementation_cmake/cmake)
-- Found rmw_fastrtps_cpp: 6.2.6 (/opt/ros/humble/share/rmw_fastrtps_cpp/cmake)
-- Found OpenSSL: /usr/lib/x86_64-linux-gnu/libcrypto.so (found version "3.0.2")  
-- Found FastRTPS: /opt/ros/humble/include  
-- Using RMW implementation 'rmw_fastrtps_cpp' as default
-- Looking for pthread.h
-- Looking for pthread.h - found
-- Performing Test CMAKE_HAVE_LIBC_PTHREAD
-- Performing Test CMAKE_HAVE_LIBC_PTHREAD - Success
-- Found Threads: TRUE  
-- Found sensor_msgs: 4.2.3 (/opt/ros/humble/share/sensor_msgs/cmake)
-- Found can_msgs: 2.0.0 (/opt/ros/humble/share/can_msgs/cmake)
-- Found controller_manager: 2.40.0 (/opt/ros/humble/share/controller_manager/cmake)
-- Found control_toolbox: 3.2.0 (/opt/ros/humble/share/control_toolbox/cmake)
-- Found parameter_traits: 0.3.8 (/opt/ros/humble/share/parameter_traits/cmake)
-- Found joint_state_broadcaster: 2.34.0 (/opt/ros/humble/share/joint_state_broadcaster/cmake)
-- Found ament_lint_auto: 0.12.10 (/opt/ros/humble/share/ament_lint_auto/cmake)
-- Configuring done
-- Generating done
-- Build files have been written to: /home/cube-petit/ros/src/cube_petit_ros/build/cube_petit_hardware_interface
[ 50%] [32mBuilding CXX object CMakeFiles/cube_petit_hardware_interface.dir/src/cube_petit_hardware_interface.cpp.o[0m
[100%] [32m[1mLinking CXX executable cube_petit_hardware_interface[0m
[100%] Built target cube_petit_hardware_interface
-- Install configuration: ""
-- Installing: /home/cube-petit/ros/src/cube_petit_ros/install/cube_petit_hardware_interface/share/cube_petit_hardware_interface/config
-- Installing: /home/cube-petit/ros/src/cube_petit_ros/install/cube_petit_hardware_interface/share/cube_petit_hardware_interface/config/cube_petit_v3_hw_interface.yaml
-- Installing: /home/cube-petit/ros/src/cube_petit_ros/install/cube_petit_hardware_interface/share/cube_petit_hardware_interface/config/cube_petit_hw_interface.yaml
-- Installing: /home/cube-petit/ros/src/cube_petit_ros/install/cube_petit_hardware_interface/share/cube_petit_hardware_interface/launch
-- Installing: /home/cube-petit/ros/src/cube_petit_ros/install/cube_petit_hardware_interface/share/cube_petit_hardware_interface/launch/cube_petit_control.launch.py
-- Installing: /home/cube-petit/ros/src/cube_petit_ros/install/cube_petit_hardware_interface/share/ament_index/resource_index/package_run_dependencies/cube_petit_hardware_interface
-- Installing: /home/cube-petit/ros/src/cube_petit_ros/install/cube_petit_hardware_interface/share/ament_index/resource_index/parent_prefix_path/cube_petit_hardware_interface
-- Installing: /home/cube-petit/ros/src/cube_petit_ros/install/cube_petit_hardware_interface/share/cube_petit_hardware_interface/environment/ament_prefix_path.sh
-- Installing: /home/cube-petit/ros/src/cube_petit_ros/install/cube_petit_hardware_interface/share/cube_petit_hardware_interface/environment/ament_prefix_path.dsv
-- Installing: /home/cube-petit/ros/src/cube_petit_ros/install/cube_petit_hardware_interface/share/cube_petit_hardware_interface/environment/path.sh
-- Installing: /home/cube-petit/ros/src/cube_petit_ros/install/cube_petit_hardware_interface/share/cube_petit_hardware_interface/environment/path.dsv
-- Installing: /home/cube-petit/ros/src/cube_petit_ros/install/cube_petit_hardware_interface/share/cube_petit_hardware_interface/local_setup.bash
-- Installing: /home/cube-petit/ros/src/cube_petit_ros/install/cube_petit_hardware_interface/share/cube_petit_hardware_interface/local_setup.sh
-- Installing: /home/cube-petit/ros/src/cube_petit_ros/install/cube_petit_hardware_interface/share/cube_petit_hardware_interface/local_setup.zsh
-- Installing: /home/cube-petit/ros/src/cube_petit_ros/install/cube_petit_hardware_interface/share/cube_petit_hardware_interface/local_setup.dsv
-- Installing: /home/cube-petit/ros/src/cube_petit_ros/install/cube_petit_hardware_interface/share/cube_petit_hardware_interface/package.dsv
-- Installing: /home/cube-petit/ros/src/cube_petit_ros/install/cube_petit_hardware_interface/share/ament_index/resource_index/packages/cube_petit_hardware_interface
-- Installing: /home/cube-petit/ros/src/cube_petit_ros/install/cube_petit_hardware_interface/share/cube_petit_hardware_interface/cmake/cube_petit_hardware_interfaceConfig.cmake
-- Installing: /home/cube-petit/ros/src/cube_petit_ros/install/cube_petit_hardware_interface/share/cube_petit_hardware_interface/cmake/cube_petit_hardware_interfaceConfig-version.cmake
-- Installing: /home/cube-petit/ros/src/cube_petit_ros/install/cube_petit_hardware_interface/share/cube_petit_hardware_interface/package.xml
