[0.066s] Invoking command in '/home/cube-petit/ros/src/cube_petit_ros/build/cube_petit_description': CMAKE_PREFIX_PATH=/home/cube-petit/ros/install/vesc:/home/cube-petit/ros/install/cube:/home/cube-petit/ros/install/cube_gazebo:/home/cube-petit/ros/install/cube_bringup:/home/cube-petit/ros/install/cube_hw_interface:/home/cube-petit/ros/install/vesc_hw_interface:/home/cube-petit/ros/install/vesc_driver:/home/cube-petit/ros/install/vesc_msgs:/home/cube-petit/ros/install/cube_navigation:/home/cube-petit/ros/install/spatio_temporal_voxel_layer:/home/cube-petit/ros/install/cube_petit_text_to_speech:/home/cube-petit/ros/install/cube_petit_speech_to_text:/home/cube-petit/ros/install/sbgisen_msgs:/home/cube-petit/ros/install/sbgisen_gazebo_plugins:/home/cube-petit/ros/install/sbgisen_docking_plugin:/home/cube-petit/ros/install/ros2_socketcan_msgs:/home/cube-petit/ros/install/cube_server:/home/cube-petit/ros/install/robot_pose_publisher_ros2:/home/cube-petit/ros/install/perception_pcl:/home/cube-petit/ros/install/ira_laser_tools:/home/cube-petit/ros/install/cube_petit_gazebo:/home/cube-petit/ros/install/pcl_ros:/home/cube-petit/ros/install/pcl_conversions:/home/cube-petit/ros/install/openvdb_vendor:/home/cube-petit/ros/install/multi_hc_sr04:/home/cube-petit/ros/install/mpu6050_serial_to_imu:/home/cube-petit/ros/install/lh_laser_driver:/home/cube-petit/ros/install/ldlidar_stl_ros2:/home/cube-petit/ros/install/kinect2_bridge:/home/cube-petit/ros/install/kinect2_registration:/home/cube-petit/ros/install/imu_filter_tools:/home/cube-petit/ros/install/imu_drift_correction:/home/cube-petit/ros/install/hins_driver_laser:/home/cube-petit/ros/install/dji_ros_controller:/home/cube-petit/ros/install/depthai-ros:/home/cube-petit/ros/install/depthai_ros_driver:/home/cube-petit/ros/install/depthai_filters:/home/cube-petit/ros/install/depthai_examples:/home/cube-petit/ros/install/depthai_bridge:/home/cube-petit/ros/install/depthai_ros_msgs:/home/cube-petit/ros/install/depthai_hand_tracker:/home/cube-petit/ros/install/depthai_descriptions:/home/cube-petit/ros/install/cube_teleop:/home/cube-petit/ros/install/cube_petit_ros:/home/cube-petit/ros/install/cube_petit_hardware_interface:/home/cube-petit/ros/install/cube_petit_facial_animation:/home/cube-petit/ros/install/cube_petit_description:/home/cube-petit/ros/install/cube_speech:/home/cube-petit/ros/install/cube_diagnostic:/opt/ros/humble:/home/cube-petit/ros/install/cube_petit_bringup:/home/cube-petit/ros/install/cube_expression:/home/cube-petit/ros/install/cube_description:/home/cube-petit/ros/install/brass_gazebo_battery:/home/cube-petit/ros/install/akulidar_ros /usr/bin/cmake /home/cube-petit/ros/src/cube_petit_ros/cube_petit_description -DCMAKE_INSTALL_PREFIX=/home/cube-petit/ros/src/cube_petit_ros/install/cube_petit_description
[0.187s] -- The C compiler identification is GNU 11.4.0
[0.294s] -- The CXX compiler identification is GNU 11.4.0
[0.309s] -- Detecting C compiler ABI info
[0.421s] -- Detecting C compiler ABI info - done
[0.429s] -- Check for working C compiler: /usr/bin/cc - skipped
[0.430s] -- Detecting C compile features
[0.430s] -- Detecting C compile features - done
[0.433s] -- Detecting CXX compiler ABI info
[0.539s] -- Detecting CXX compiler ABI info - done
[0.548s] -- Check for working CXX compiler: /usr/bin/c++ - skipped
[0.548s] -- Detecting CXX compile features
[0.548s] -- Detecting CXX compile features - done
[0.558s] -- Found ament_cmake_auto: 1.3.8 (/opt/ros/humble/share/ament_cmake_auto/cmake)
[1.513s] -- Found Python3: /usr/bin/python3 (found version "3.10.12") found components: Interpreter 
[1.778s] -- Configuring done
[1.780s] -- Generating done
[1.781s] -- Build files have been written to: /home/cube-petit/ros/src/cube_petit_ros/build/cube_petit_description
[1.788s] Invoked command in '/home/cube-petit/ros/src/cube_petit_ros/build/cube_petit_description' returned '0': CMAKE_PREFIX_PATH=/home/cube-petit/ros/install/vesc:/home/cube-petit/ros/install/cube:/home/cube-petit/ros/install/cube_gazebo:/home/cube-petit/ros/install/cube_bringup:/home/cube-petit/ros/install/cube_hw_interface:/home/cube-petit/ros/install/vesc_hw_interface:/home/cube-petit/ros/install/vesc_driver:/home/cube-petit/ros/install/vesc_msgs:/home/cube-petit/ros/install/cube_navigation:/home/cube-petit/ros/install/spatio_temporal_voxel_layer:/home/cube-petit/ros/install/cube_petit_text_to_speech:/home/cube-petit/ros/install/cube_petit_speech_to_text:/home/cube-petit/ros/install/sbgisen_msgs:/home/cube-petit/ros/install/sbgisen_gazebo_plugins:/home/cube-petit/ros/install/sbgisen_docking_plugin:/home/cube-petit/ros/install/ros2_socketcan_msgs:/home/cube-petit/ros/install/cube_server:/home/cube-petit/ros/install/robot_pose_publisher_ros2:/home/cube-petit/ros/install/perception_pcl:/home/cube-petit/ros/install/ira_laser_tools:/home/cube-petit/ros/install/cube_petit_gazebo:/home/cube-petit/ros/install/pcl_ros:/home/cube-petit/ros/install/pcl_conversions:/home/cube-petit/ros/install/openvdb_vendor:/home/cube-petit/ros/install/multi_hc_sr04:/home/cube-petit/ros/install/mpu6050_serial_to_imu:/home/cube-petit/ros/install/lh_laser_driver:/home/cube-petit/ros/install/ldlidar_stl_ros2:/home/cube-petit/ros/install/kinect2_bridge:/home/cube-petit/ros/install/kinect2_registration:/home/cube-petit/ros/install/imu_filter_tools:/home/cube-petit/ros/install/imu_drift_correction:/home/cube-petit/ros/install/hins_driver_laser:/home/cube-petit/ros/install/dji_ros_controller:/home/cube-petit/ros/install/depthai-ros:/home/cube-petit/ros/install/depthai_ros_driver:/home/cube-petit/ros/install/depthai_filters:/home/cube-petit/ros/install/depthai_examples:/home/cube-petit/ros/install/depthai_bridge:/home/cube-petit/ros/install/depthai_ros_msgs:/home/cube-petit/ros/install/depthai_hand_tracker:/home/cube-petit/ros/install/depthai_descriptions:/home/cube-petit/ros/install/cube_teleop:/home/cube-petit/ros/install/cube_petit_ros:/home/cube-petit/ros/install/cube_petit_hardware_interface:/home/cube-petit/ros/install/cube_petit_facial_animation:/home/cube-petit/ros/install/cube_petit_description:/home/cube-petit/ros/install/cube_speech:/home/cube-petit/ros/install/cube_diagnostic:/opt/ros/humble:/home/cube-petit/ros/install/cube_petit_bringup:/home/cube-petit/ros/install/cube_expression:/home/cube-petit/ros/install/cube_description:/home/cube-petit/ros/install/brass_gazebo_battery:/home/cube-petit/ros/install/akulidar_ros /usr/bin/cmake /home/cube-petit/ros/src/cube_petit_ros/cube_petit_description -DCMAKE_INSTALL_PREFIX=/home/cube-petit/ros/src/cube_petit_ros/install/cube_petit_description
[1.791s] Invoking command in '/home/cube-petit/ros/src/cube_petit_ros/build/cube_petit_description': CMAKE_PREFIX_PATH=/home/cube-petit/ros/install/vesc:/home/cube-petit/ros/install/cube:/home/cube-petit/ros/install/cube_gazebo:/home/cube-petit/ros/install/cube_bringup:/home/cube-petit/ros/install/cube_hw_interface:/home/cube-petit/ros/install/vesc_hw_interface:/home/cube-petit/ros/install/vesc_driver:/home/cube-petit/ros/install/vesc_msgs:/home/cube-petit/ros/install/cube_navigation:/home/cube-petit/ros/install/spatio_temporal_voxel_layer:/home/cube-petit/ros/install/cube_petit_text_to_speech:/home/cube-petit/ros/install/cube_petit_speech_to_text:/home/cube-petit/ros/install/sbgisen_msgs:/home/cube-petit/ros/install/sbgisen_gazebo_plugins:/home/cube-petit/ros/install/sbgisen_docking_plugin:/home/cube-petit/ros/install/ros2_socketcan_msgs:/home/cube-petit/ros/install/cube_server:/home/cube-petit/ros/install/robot_pose_publisher_ros2:/home/cube-petit/ros/install/perception_pcl:/home/cube-petit/ros/install/ira_laser_tools:/home/cube-petit/ros/install/cube_petit_gazebo:/home/cube-petit/ros/install/pcl_ros:/home/cube-petit/ros/install/pcl_conversions:/home/cube-petit/ros/install/openvdb_vendor:/home/cube-petit/ros/install/multi_hc_sr04:/home/cube-petit/ros/install/mpu6050_serial_to_imu:/home/cube-petit/ros/install/lh_laser_driver:/home/cube-petit/ros/install/ldlidar_stl_ros2:/home/cube-petit/ros/install/kinect2_bridge:/home/cube-petit/ros/install/kinect2_registration:/home/cube-petit/ros/install/imu_filter_tools:/home/cube-petit/ros/install/imu_drift_correction:/home/cube-petit/ros/install/hins_driver_laser:/home/cube-petit/ros/install/dji_ros_controller:/home/cube-petit/ros/install/depthai-ros:/home/cube-petit/ros/install/depthai_ros_driver:/home/cube-petit/ros/install/depthai_filters:/home/cube-petit/ros/install/depthai_examples:/home/cube-petit/ros/install/depthai_bridge:/home/cube-petit/ros/install/depthai_ros_msgs:/home/cube-petit/ros/install/depthai_hand_tracker:/home/cube-petit/ros/install/depthai_descriptions:/home/cube-petit/ros/install/cube_teleop:/home/cube-petit/ros/install/cube_petit_ros:/home/cube-petit/ros/install/cube_petit_hardware_interface:/home/cube-petit/ros/install/cube_petit_facial_animation:/home/cube-petit/ros/install/cube_petit_description:/home/cube-petit/ros/install/cube_speech:/home/cube-petit/ros/install/cube_diagnostic:/opt/ros/humble:/home/cube-petit/ros/install/cube_petit_bringup:/home/cube-petit/ros/install/cube_expression:/home/cube-petit/ros/install/cube_description:/home/cube-petit/ros/install/brass_gazebo_battery:/home/cube-petit/ros/install/akulidar_ros /usr/bin/cmake --build /home/cube-petit/ros/src/cube_petit_ros/build/cube_petit_description -- -j16 -l16
[1.839s] Invoked command in '/home/cube-petit/ros/src/cube_petit_ros/build/cube_petit_description' returned '0': CMAKE_PREFIX_PATH=/home/cube-petit/ros/install/vesc:/home/cube-petit/ros/install/cube:/home/cube-petit/ros/install/cube_gazebo:/home/cube-petit/ros/install/cube_bringup:/home/cube-petit/ros/install/cube_hw_interface:/home/cube-petit/ros/install/vesc_hw_interface:/home/cube-petit/ros/install/vesc_driver:/home/cube-petit/ros/install/vesc_msgs:/home/cube-petit/ros/install/cube_navigation:/home/cube-petit/ros/install/spatio_temporal_voxel_layer:/home/cube-petit/ros/install/cube_petit_text_to_speech:/home/cube-petit/ros/install/cube_petit_speech_to_text:/home/cube-petit/ros/install/sbgisen_msgs:/home/cube-petit/ros/install/sbgisen_gazebo_plugins:/home/cube-petit/ros/install/sbgisen_docking_plugin:/home/cube-petit/ros/install/ros2_socketcan_msgs:/home/cube-petit/ros/install/cube_server:/home/cube-petit/ros/install/robot_pose_publisher_ros2:/home/cube-petit/ros/install/perception_pcl:/home/cube-petit/ros/install/ira_laser_tools:/home/cube-petit/ros/install/cube_petit_gazebo:/home/cube-petit/ros/install/pcl_ros:/home/cube-petit/ros/install/pcl_conversions:/home/cube-petit/ros/install/openvdb_vendor:/home/cube-petit/ros/install/multi_hc_sr04:/home/cube-petit/ros/install/mpu6050_serial_to_imu:/home/cube-petit/ros/install/lh_laser_driver:/home/cube-petit/ros/install/ldlidar_stl_ros2:/home/cube-petit/ros/install/kinect2_bridge:/home/cube-petit/ros/install/kinect2_registration:/home/cube-petit/ros/install/imu_filter_tools:/home/cube-petit/ros/install/imu_drift_correction:/home/cube-petit/ros/install/hins_driver_laser:/home/cube-petit/ros/install/dji_ros_controller:/home/cube-petit/ros/install/depthai-ros:/home/cube-petit/ros/install/depthai_ros_driver:/home/cube-petit/ros/install/depthai_filters:/home/cube-petit/ros/install/depthai_examples:/home/cube-petit/ros/install/depthai_bridge:/home/cube-petit/ros/install/depthai_ros_msgs:/home/cube-petit/ros/install/depthai_hand_tracker:/home/cube-petit/ros/install/depthai_descriptions:/home/cube-petit/ros/install/cube_teleop:/home/cube-petit/ros/install/cube_petit_ros:/home/cube-petit/ros/install/cube_petit_hardware_interface:/home/cube-petit/ros/install/cube_petit_facial_animation:/home/cube-petit/ros/install/cube_petit_description:/home/cube-petit/ros/install/cube_speech:/home/cube-petit/ros/install/cube_diagnostic:/opt/ros/humble:/home/cube-petit/ros/install/cube_petit_bringup:/home/cube-petit/ros/install/cube_expression:/home/cube-petit/ros/install/cube_description:/home/cube-petit/ros/install/brass_gazebo_battery:/home/cube-petit/ros/install/akulidar_ros /usr/bin/cmake --build /home/cube-petit/ros/src/cube_petit_ros/build/cube_petit_description -- -j16 -l16
[1.883s] Invoking command in '/home/cube-petit/ros/src/cube_petit_ros/build/cube_petit_description': CMAKE_PREFIX_PATH=/home/cube-petit/ros/install/vesc:/home/cube-petit/ros/install/cube:/home/cube-petit/ros/install/cube_gazebo:/home/cube-petit/ros/install/cube_bringup:/home/cube-petit/ros/install/cube_hw_interface:/home/cube-petit/ros/install/vesc_hw_interface:/home/cube-petit/ros/install/vesc_driver:/home/cube-petit/ros/install/vesc_msgs:/home/cube-petit/ros/install/cube_navigation:/home/cube-petit/ros/install/spatio_temporal_voxel_layer:/home/cube-petit/ros/install/cube_petit_text_to_speech:/home/cube-petit/ros/install/cube_petit_speech_to_text:/home/cube-petit/ros/install/sbgisen_msgs:/home/cube-petit/ros/install/sbgisen_gazebo_plugins:/home/cube-petit/ros/install/sbgisen_docking_plugin:/home/cube-petit/ros/install/ros2_socketcan_msgs:/home/cube-petit/ros/install/cube_server:/home/cube-petit/ros/install/robot_pose_publisher_ros2:/home/cube-petit/ros/install/perception_pcl:/home/cube-petit/ros/install/ira_laser_tools:/home/cube-petit/ros/install/cube_petit_gazebo:/home/cube-petit/ros/install/pcl_ros:/home/cube-petit/ros/install/pcl_conversions:/home/cube-petit/ros/install/openvdb_vendor:/home/cube-petit/ros/install/multi_hc_sr04:/home/cube-petit/ros/install/mpu6050_serial_to_imu:/home/cube-petit/ros/install/lh_laser_driver:/home/cube-petit/ros/install/ldlidar_stl_ros2:/home/cube-petit/ros/install/kinect2_bridge:/home/cube-petit/ros/install/kinect2_registration:/home/cube-petit/ros/install/imu_filter_tools:/home/cube-petit/ros/install/imu_drift_correction:/home/cube-petit/ros/install/hins_driver_laser:/home/cube-petit/ros/install/dji_ros_controller:/home/cube-petit/ros/install/depthai-ros:/home/cube-petit/ros/install/depthai_ros_driver:/home/cube-petit/ros/install/depthai_filters:/home/cube-petit/ros/install/depthai_examples:/home/cube-petit/ros/install/depthai_bridge:/home/cube-petit/ros/install/depthai_ros_msgs:/home/cube-petit/ros/install/depthai_hand_tracker:/home/cube-petit/ros/install/depthai_descriptions:/home/cube-petit/ros/install/cube_teleop:/home/cube-petit/ros/install/cube_petit_ros:/home/cube-petit/ros/install/cube_petit_hardware_interface:/home/cube-petit/ros/install/cube_petit_facial_animation:/home/cube-petit/ros/install/cube_petit_description:/home/cube-petit/ros/install/cube_speech:/home/cube-petit/ros/install/cube_diagnostic:/opt/ros/humble:/home/cube-petit/ros/install/cube_petit_bringup:/home/cube-petit/ros/install/cube_expression:/home/cube-petit/ros/install/cube_description:/home/cube-petit/ros/install/brass_gazebo_battery:/home/cube-petit/ros/install/akulidar_ros /usr/bin/cmake --install /home/cube-petit/ros/src/cube_petit_ros/build/cube_petit_description
[1.891s] -- Install configuration: ""
[1.891s] -- Installing: /home/cube-petit/ros/src/cube_petit_ros/install/cube_petit_description/share/cube_petit_description/meshes
[1.892s] -- Installing: /home/cube-petit/ros/src/cube_petit_ros/install/cube_petit_description/share/cube_petit_description/meshes/cube_petit
[1.892s] -- Installing: /home/cube-petit/ros/src/cube_petit_ros/install/cube_petit_description/share/cube_petit_description/meshes/cube_petit/cube_petit_body_nonrotate.mtl
[1.892s] -- Installing: /home/cube-petit/ros/src/cube_petit_ros/install/cube_petit_description/share/cube_petit_description/meshes/cube_petit/body
[1.892s] -- Installing: /home/cube-petit/ros/src/cube_petit_ros/install/cube_petit_description/share/cube_petit_description/meshes/cube_petit/body/cube_petit_v2_body.mtl
[1.892s] -- Installing: /home/cube-petit/ros/src/cube_petit_ros/install/cube_petit_description/share/cube_petit_description/meshes/cube_petit/body/cube_petit_v2_body_decimal.txt
[1.892s] -- Installing: /home/cube-petit/ros/src/cube_petit_ros/install/cube_petit_description/share/cube_petit_description/meshes/cube_petit/body/cube_petit_v2_body
[1.892s] -- Installing: /home/cube-petit/ros/src/cube_petit_ros/install/cube_petit_description/share/cube_petit_description/meshes/cube_petit/body/cube_petit_v2_body/Screen_2.png
[1.892s] -- Installing: /home/cube-petit/ros/src/cube_petit_ros/install/cube_petit_description/share/cube_petit_description/meshes/cube_petit/body/cube_petit_v2_body/Metal_15.png
[1.893s] -- Installing: /home/cube-petit/ros/src/cube_petit_ros/install/cube_petit_description/share/cube_petit_description/meshes/cube_petit/body/cube_petit_v2_body/weldcat0.png
[1.893s] -- Installing: /home/cube-petit/ros/src/cube_petit_ros/install/cube_petit_description/share/cube_petit_description/meshes/cube_petit/body/cube_petit_v2_body/Finishes.Flooring.Tile.Square.Medium Blue.png
[1.894s] -- Installing: /home/cube-petit/ros/src/cube_petit_ros/install/cube_petit_description/share/cube_petit_description/meshes/cube_petit/body/cube_petit_v2_body/Metals.Ornamental Metals.Aluminum.Brushed.Random.jpg
[1.894s] -- Installing: /home/cube-petit/ros/src/cube_petit_ros/install/cube_petit_description/share/cube_petit_description/meshes/cube_petit/body/cube_petit_v2_body/plastic_Smooth_bump.png
[1.895s] -- Installing: /home/cube-petit/ros/src/cube_petit_ros/install/cube_petit_description/share/cube_petit_description/meshes/cube_petit/body/cube_petit_v2_body/Doors - Windows.Metal Doors - Frames.Steel.Galvanized.jpg
[1.896s] -- Installing: /home/cube-petit/ros/src/cube_petit_ros/install/cube_petit_description/share/cube_petit_description/meshes/cube_petit/body/cube_petit_v2_body.obj
[1.943s] -- Installing: /home/cube-petit/ros/src/cube_petit_ros/install/cube_petit_description/share/cube_petit_description/meshes/cube_petit/body/untitled.stl
[1.970s] -- Installing: /home/cube-petit/ros/src/cube_petit_ros/install/cube_petit_description/share/cube_petit_description/meshes/cube_petit/body/2
[1.970s] -- Installing: /home/cube-petit/ros/src/cube_petit_ros/install/cube_petit_description/share/cube_petit_description/meshes/cube_petit/body/2/cube_petit_ver2
[1.970s] -- Installing: /home/cube-petit/ros/src/cube_petit_ros/install/cube_petit_description/share/cube_petit_description/meshes/cube_petit/body/2/cube_petit_ver2/Finishes.Flooring.Tile.Square.Medium.Blue.png
[1.970s] -- Installing: /home/cube-petit/ros/src/cube_petit_ros/install/cube_petit_description/share/cube_petit_description/meshes/cube_petit/body/2/cube_petit_ver2/Screen_2.png
[1.971s] -- Installing: /home/cube-petit/ros/src/cube_petit_ros/install/cube_petit_description/share/cube_petit_description/meshes/cube_petit/body/2/cube_petit_ver2/Metal_15.png
[1.971s] -- Installing: /home/cube-petit/ros/src/cube_petit_ros/install/cube_petit_description/share/cube_petit_description/meshes/cube_petit/body/2/cube_petit_ver2/Metals.Ornamental Metals.Aluminum.Brushed.Random.jpg
[1.972s] -- Installing: /home/cube-petit/ros/src/cube_petit_ros/install/cube_petit_description/share/cube_petit_description/meshes/cube_petit/body/2/cube_petit_v2_body.mtl
[1.972s] -- Installing: /home/cube-petit/ros/src/cube_petit_ros/install/cube_petit_description/share/cube_petit_description/meshes/cube_petit/body/2/cube_petit_v2_body.obj
[2.001s] -- Installing: /home/cube-petit/ros/src/cube_petit_ros/install/cube_petit_description/share/cube_petit_description/meshes/cube_petit/wheels
[2.001s] -- Installing: /home/cube-petit/ros/src/cube_petit_ros/install/cube_petit_description/share/cube_petit_description/meshes/cube_petit/wheels/tamiya_wheel.txt
[2.001s] -- Installing: /home/cube-petit/ros/src/cube_petit_ros/install/cube_petit_description/share/cube_petit_description/meshes/cube_petit/wheels/tamiya_wheel.stl
[2.002s] -- Installing: /home/cube-petit/ros/src/cube_petit_ros/install/cube_petit_description/share/cube_petit_description/meshes/cube_petit/wheels/tamiya_wheel.obj
[2.004s] -- Installing: /home/cube-petit/ros/src/cube_petit_ros/install/cube_petit_description/share/cube_petit_description/meshes/cube_petit/wheels/tamiya_wheel.mtl
[2.004s] -- Installing: /home/cube-petit/ros/src/cube_petit_ros/install/cube_petit_description/share/cube_petit_description/meshes/cube_petit/cube_petit_body_nonrotate.obj
[2.039s] -- Installing: /home/cube-petit/ros/src/cube_petit_ros/install/cube_petit_description/share/cube_petit_description/meshes/cube_petit/cube_petit_wheel (1).stl
[2.042s] -- Installing: /home/cube-petit/ros/src/cube_petit_ros/install/cube_petit_description/share/cube_petit_description/meshes/cube_petit/cube_petit_wheel.stl
[2.044s] -- Installing: /home/cube-petit/ros/src/cube_petit_ros/install/cube_petit_description/share/cube_petit_description/meshes/cube_petit/old
[2.044s] -- Installing: /home/cube-petit/ros/src/cube_petit_ros/install/cube_petit_description/share/cube_petit_description/meshes/cube_petit/old/cube_petit_body.stl
[2.062s] -- Installing: /home/cube-petit/ros/src/cube_petit_ros/install/cube_petit_description/share/cube_petit_description/meshes/cube_petit/old/cube_petit_body.obj
[2.095s] -- Installing: /home/cube-petit/ros/src/cube_petit_ros/install/cube_petit_description/share/cube_petit_description/meshes/cube_petit/old/cube_petit_body.mtl
[2.096s] -- Installing: /home/cube-petit/ros/src/cube_petit_ros/install/cube_petit_description/share/cube_petit_description/meshes/cube_petit/cube_petit_body.obj
[2.130s] -- Installing: /home/cube-petit/ros/src/cube_petit_ros/install/cube_petit_description/share/cube_petit_description/meshes/cube_petit/cube_petit_body.mtl
[2.130s] -- Installing: /home/cube-petit/ros/src/cube_petit_ros/install/cube_petit_description/share/cube_petit_description/meshes/cube_petit/cube_petit_wheel.obj
[2.135s] -- Installing: /home/cube-petit/ros/src/cube_petit_ros/install/cube_petit_description/share/cube_petit_description/meshes/cube_petit/cube_petit_wheel.mtl
[2.135s] -- Installing: /home/cube-petit/ros/src/cube_petit_ros/install/cube_petit_description/share/cube_petit_description/rviz
[2.135s] -- Installing: /home/cube-petit/ros/src/cube_petit_ros/install/cube_petit_description/share/cube_petit_description/rviz/urdf.rviz
[2.135s] -- Installing: /home/cube-petit/ros/src/cube_petit_ros/install/cube_petit_description/share/cube_petit_description/xacro
[2.136s] -- Installing: /home/cube-petit/ros/src/cube_petit_ros/install/cube_petit_description/share/cube_petit_description/xacro/wheels
[2.136s] -- Installing: /home/cube-petit/ros/src/cube_petit_ros/install/cube_petit_description/share/cube_petit_description/xacro/wheels/tamiya_wheels.xacro
[2.136s] -- Installing: /home/cube-petit/ros/src/cube_petit_ros/install/cube_petit_description/share/cube_petit_description/xacro/wheels/turtlebot_wheels.xacro
[2.136s] -- Installing: /home/cube-petit/ros/src/cube_petit_ros/install/cube_petit_description/share/cube_petit_description/xacro/cube_petit.xacro
[2.136s] -- Installing: /home/cube-petit/ros/src/cube_petit_ros/install/cube_petit_description/share/cube_petit_description/xacro/.cube_petit.xacro.old
[2.136s] -- Installing: /home/cube-petit/ros/src/cube_petit_ros/install/cube_petit_description/share/cube_petit_description/xacro/brass_gazebo_battery
[2.136s] -- Installing: /home/cube-petit/ros/src/cube_petit_ros/install/cube_petit_description/share/cube_petit_description/xacro/brass_gazebo_battery/brass_gazebo_battery.xacro
[2.137s] -- Installing: /home/cube-petit/ros/src/cube_petit_ros/install/cube_petit_description/share/cube_petit_description/xacro/sensors
[2.137s] -- Installing: /home/cube-petit/ros/src/cube_petit_ros/install/cube_petit_description/share/cube_petit_description/xacro/sensors/depth.xacro
[2.137s] -- Installing: /home/cube-petit/ros/src/cube_petit_ros/install/cube_petit_description/share/cube_petit_description/xacro/sensors/lidar.xacro
[2.137s] -- Installing: /home/cube-petit/ros/src/cube_petit_ros/install/cube_petit_description/share/cube_petit_description/xacro/sensors/camera.xacro
[2.137s] -- Installing: /home/cube-petit/ros/src/cube_petit_ros/install/cube_petit_description/share/cube_petit_description/xacro/publish_pose
[2.137s] -- Installing: /home/cube-petit/ros/src/cube_petit_ros/install/cube_petit_description/share/cube_petit_description/xacro/publish_pose/publish_pose.xacro
[2.138s] -- Installing: /home/cube-petit/ros/src/cube_petit_ros/install/cube_petit_description/share/cube_petit_description/xacro/cube_petit_gazebo.xacro
[2.138s] -- Installing: /home/cube-petit/ros/src/cube_petit_ros/install/cube_petit_description/share/cube_petit_description/xacro/old
[2.138s] -- Installing: /home/cube-petit/ros/src/cube_petit_ros/install/cube_petit_description/share/cube_petit_description/xacro/old/cube_petit.old.urdf
[2.138s] -- Installing: /home/cube-petit/ros/src/cube_petit_ros/install/cube_petit_description/share/cube_petit_description/xacro/old/cube_petit.old.xacro
[2.139s] -- Installing: /home/cube-petit/ros/src/cube_petit_ros/install/cube_petit_description/share/cube_petit_description/xacro/common_properties.xacro
[2.139s] -- Installing: /home/cube-petit/ros/src/cube_petit_ros/install/cube_petit_description/share/cube_petit_description/launch
[2.139s] -- Installing: /home/cube-petit/ros/src/cube_petit_ros/install/cube_petit_description/share/cube_petit_description/launch/cube_petit_display.launch.py
[2.139s] -- Installing: /home/cube-petit/ros/src/cube_petit_ros/install/cube_petit_description/share/ament_index/resource_index/package_run_dependencies/cube_petit_description
[2.139s] -- Installing: /home/cube-petit/ros/src/cube_petit_ros/install/cube_petit_description/share/ament_index/resource_index/parent_prefix_path/cube_petit_description
[2.140s] -- Installing: /home/cube-petit/ros/src/cube_petit_ros/install/cube_petit_description/share/cube_petit_description/environment/ament_prefix_path.sh
[2.140s] -- Installing: /home/cube-petit/ros/src/cube_petit_ros/install/cube_petit_description/share/cube_petit_description/environment/ament_prefix_path.dsv
[2.140s] -- Installing: /home/cube-petit/ros/src/cube_petit_ros/install/cube_petit_description/share/cube_petit_description/environment/path.sh
[2.140s] -- Installing: /home/cube-petit/ros/src/cube_petit_ros/install/cube_petit_description/share/cube_petit_description/environment/path.dsv
[2.140s] -- Installing: /home/cube-petit/ros/src/cube_petit_ros/install/cube_petit_description/share/cube_petit_description/local_setup.bash
[2.140s] -- Installing: /home/cube-petit/ros/src/cube_petit_ros/install/cube_petit_description/share/cube_petit_description/local_setup.sh
[2.140s] -- Installing: /home/cube-petit/ros/src/cube_petit_ros/install/cube_petit_description/share/cube_petit_description/local_setup.zsh
[2.140s] -- Installing: /home/cube-petit/ros/src/cube_petit_ros/install/cube_petit_description/share/cube_petit_description/local_setup.dsv
[2.141s] -- Installing: /home/cube-petit/ros/src/cube_petit_ros/install/cube_petit_description/share/cube_petit_description/package.dsv
[2.141s] -- Installing: /home/cube-petit/ros/src/cube_petit_ros/install/cube_petit_description/share/ament_index/resource_index/packages/cube_petit_description
[2.141s] -- Installing: /home/cube-petit/ros/src/cube_petit_ros/install/cube_petit_description/share/cube_petit_description/cmake/cube_petit_descriptionConfig.cmake
[2.141s] -- Installing: /home/cube-petit/ros/src/cube_petit_ros/install/cube_petit_description/share/cube_petit_description/cmake/cube_petit_descriptionConfig-version.cmake
[2.141s] -- Installing: /home/cube-petit/ros/src/cube_petit_ros/install/cube_petit_description/share/cube_petit_description/package.xml
[2.144s] Invoked command in '/home/cube-petit/ros/src/cube_petit_ros/build/cube_petit_description' returned '0': CMAKE_PREFIX_PATH=/home/cube-petit/ros/install/vesc:/home/cube-petit/ros/install/cube:/home/cube-petit/ros/install/cube_gazebo:/home/cube-petit/ros/install/cube_bringup:/home/cube-petit/ros/install/cube_hw_interface:/home/cube-petit/ros/install/vesc_hw_interface:/home/cube-petit/ros/install/vesc_driver:/home/cube-petit/ros/install/vesc_msgs:/home/cube-petit/ros/install/cube_navigation:/home/cube-petit/ros/install/spatio_temporal_voxel_layer:/home/cube-petit/ros/install/cube_petit_text_to_speech:/home/cube-petit/ros/install/cube_petit_speech_to_text:/home/cube-petit/ros/install/sbgisen_msgs:/home/cube-petit/ros/install/sbgisen_gazebo_plugins:/home/cube-petit/ros/install/sbgisen_docking_plugin:/home/cube-petit/ros/install/ros2_socketcan_msgs:/home/cube-petit/ros/install/cube_server:/home/cube-petit/ros/install/robot_pose_publisher_ros2:/home/cube-petit/ros/install/perception_pcl:/home/cube-petit/ros/install/ira_laser_tools:/home/cube-petit/ros/install/cube_petit_gazebo:/home/cube-petit/ros/install/pcl_ros:/home/cube-petit/ros/install/pcl_conversions:/home/cube-petit/ros/install/openvdb_vendor:/home/cube-petit/ros/install/multi_hc_sr04:/home/cube-petit/ros/install/mpu6050_serial_to_imu:/home/cube-petit/ros/install/lh_laser_driver:/home/cube-petit/ros/install/ldlidar_stl_ros2:/home/cube-petit/ros/install/kinect2_bridge:/home/cube-petit/ros/install/kinect2_registration:/home/cube-petit/ros/install/imu_filter_tools:/home/cube-petit/ros/install/imu_drift_correction:/home/cube-petit/ros/install/hins_driver_laser:/home/cube-petit/ros/install/dji_ros_controller:/home/cube-petit/ros/install/depthai-ros:/home/cube-petit/ros/install/depthai_ros_driver:/home/cube-petit/ros/install/depthai_filters:/home/cube-petit/ros/install/depthai_examples:/home/cube-petit/ros/install/depthai_bridge:/home/cube-petit/ros/install/depthai_ros_msgs:/home/cube-petit/ros/install/depthai_hand_tracker:/home/cube-petit/ros/install/depthai_descriptions:/home/cube-petit/ros/install/cube_teleop:/home/cube-petit/ros/install/cube_petit_ros:/home/cube-petit/ros/install/cube_petit_hardware_interface:/home/cube-petit/ros/install/cube_petit_facial_animation:/home/cube-petit/ros/install/cube_petit_description:/home/cube-petit/ros/install/cube_speech:/home/cube-petit/ros/install/cube_diagnostic:/opt/ros/humble:/home/cube-petit/ros/install/cube_petit_bringup:/home/cube-petit/ros/install/cube_expression:/home/cube-petit/ros/install/cube_description:/home/cube-petit/ros/install/brass_gazebo_battery:/home/cube-petit/ros/install/akulidar_ros /usr/bin/cmake --install /home/cube-petit/ros/src/cube_petit_ros/build/cube_petit_description
